<html>
<body>
<pre>
<h1>µVision Build Log</h1>
<h2>Tool Versions:</h2>
IDE-Version: µVision V5.38.0.0
Copyright (C) 2022 ARM Ltd and ARM Germany GmbH. All rights reserved.
License Information: felipe brito, mcs, LIC=----
 
Tool Versions:
Toolchain:       MDK-Lite  Version: 5.38.0.0
Toolchain Path:  C:\Keil\ARM\ARMCLANG\Bin
C Compiler:      ArmClang.exe V6.19
Assembler:       Armasm.exe V6.19
Linker/Locator:  ArmLink.exe V6.19
Library Manager: ArmAr.exe V6.19
Hex Converter:   FromElf.exe V6.19
CPU DLL:         SARMCM3.DLL V5.38.0.0
Dialog DLL:      DCM.DLL V1.17.5.0
Target DLL:      STLink\ST-LINKIII-KEIL_SWO.dll V3.1.0.0
Dialog DLL:      TCM.DLL V1.56.4.0
 
<h2>Project:</h2>
C:\PROJETOS\6PERIODO\LabMicro\lab4\lab4.uvprojx
Project File Date:  08/30/2023

<h2>Output:</h2>
*** Using Compiler 'V6.19', folder: 'C:\Keil\ARM\ARMCLANG\Bin'
Rebuild target 'Target 1'
assembling startup_stm32f10x_md.s...
C:/Users/felip/AppData/Local/Arm/Packs/Keil/STM32F1xx_DFP/2.4.0/RTE_Driver/GPIO_STM32F10x.c(26): warning: In file included from...
C:/Users/felip/AppData/Local/Arm/Packs/Keil/STM32F1xx_DFP/2.4.0/RTE_Driver/GPIO_STM32F10x.h(30): warning: In file included from...
C:/Users/felip/AppData/Local/Arm/Packs/Keil/STM32F1xx_DFP/2.4.0/Device/Include\stm32f10x.h(18): warning: invalid UTF-8 in comment [-Winvalid-utf8]
  *              - To use or not the peripheral<92>s drivers in application code(i.e. 
                                               ^
C:/Users/felip/AppData/Local/Arm/Packs/Keil/STM32F1xx_DFP/2.4.0/Device/Include\stm32f10x.h(19): warning: invalid UTF-8 in comment [-Winvalid-utf8]
  *                code will be based on direct access to peripheral<92>s registers 
                                                                    ^
C:/Users/felip/AppData/Local/Arm/Packs/Keil/STM32F1xx_DFP/2.4.0/Device/Include\stm32f10x.h(26): warning: invalid UTF-8 in comment [-Winvalid-utf8]
  *           - Macros to access peripheral<92>s registers hardware
                                           ^
C:/Users/felip/AppData/Local/Arm/Packs/Keil/STM32F1xx_DFP/2.4.0/RTE_Driver/GPIO_STM32F10x.c(26): warning: In file included from...
C:/Users/felip/AppData/Local/Arm/Packs/Keil/STM32F1xx_DFP/2.4.0/RTE_Driver/GPIO_STM32F10x.h(39): warning: // comments are not allowed in this language [-Wcomment]
/// GPIO Pin identifier
^
C:/Users/felip/AppData/Local/Arm/Packs/Keil/STM32F1xx_DFP/2.4.0/RTE_Driver/GPIO_STM32F10x.h(173): warning: '_Bool' is a C99 extension [-Wc99-extensions]
extern void GPIO_PortClock (GPIO_TypeDef *GPIOx, bool enable);
                                                 ^
C:\Keil\ARM\ARMCLANG\Bin\..\include\stdbool.h(15): note: expanded from macro 'bool'
    #define bool _Bool
                 ^
C:/Users/felip/AppData/Local/Arm/Packs/Keil/STM32F1xx_DFP/2.4.0/RTE_Driver/GPIO_STM32F10x.c(26): warning: In file included from...
C:/Users/felip/AppData/Local/Arm/Packs/Keil/STM32F1xx_DFP/2.4.0/RTE_Driver/GPIO_STM32F10x.h(182): warning: '_Bool' is a C99 extension [-Wc99-extensions]
extern bool GPIO_GetPortClockState (GPIO_TypeDef *GPIOx);
       ^
C:\Keil\ARM\ARMCLANG\Bin\..\include\stdbool.h(15): note: expanded from macro 'bool'
    #define bool _Bool
                 ^
C:/Users/felip/AppData/Local/Arm/Packs/Keil/STM32F1xx_DFP/2.4.0/RTE_Driver/GPIO_STM32F10x.c(26): warning: In file included from...
C:/Users/felip/AppData/Local/Arm/Packs/Keil/STM32F1xx_DFP/2.4.0/RTE_Driver/GPIO_STM32F10x.h(197): warning: '_Bool' is a C99 extension [-Wc99-extensions]
bool GPIO_PinConfigure(GPIO_TypeDef      *GPIOx,
^
C:\Keil\ARM\ARMCLANG\Bin\..\include\stdbool.h(15): note: expanded from macro 'bool'
    #define bool _Bool
                 ^
C:/Users/felip/AppData/Local/Arm/Packs/Keil/STM32F1xx_DFP/2.4.0/RTE_Driver/GPIO_STM32F10x.c(26): warning: In file included from...
C:/Users/felip/AppData/Local/Arm/Packs/Keil/STM32F1xx_DFP/2.4.0/RTE_Driver/GPIO_STM32F10x.h(246): warning: implicit conversion loses integer precision: 'volatile uint32_t' (aka 'volatile unsigned int') to 'uint16_t' (aka 'unsigned short') [-Wimplicit-int-conversion]
  return (GPIOx->IDR);
  ~~~~~~  ~~~~~~~^~~
C:/Users/felip/AppData/Local/Arm/Packs/Keil/STM32F1xx_DFP/2.4.0/RTE_Driver/GPIO_STM32F10x.c(47): warning: // comments are not allowed in this language [-Wcomment]
#define AFIO_MAPR_SWJ_CFG_VAL   (AFIO_SWJ_FULL)    // Full SWJ (JTAG-DP + SW-DP)
                                                   ^
C:/Users/felip/AppData/Local/Arm/Packs/Keil/STM32F1xx_DFP/2.4.0/RTE_Driver/GPIO_STM32F10x.c(56): warning: '_Bool' is a C99 extension [-Wc99-extensions]
void GPIO_PortClock (GPIO_TypeDef *GPIOx, bool enable) {
                                          ^
C:\Keil\ARM\ARMCLANG\Bin\..\include\stdbool.h(15): note: expanded from macro 'bool'
    #define bool _Bool
                 ^
C:/Users/felip/AppData/Local/Arm/Packs/Keil/STM32F1xx_DFP/2.4.0/RTE_Driver/GPIO_STM32F10x.c(84): warning: '_Bool' is a C99 extension [-Wc99-extensions]
bool GPIO_GetPortClockState (GPIO_TypeDef *GPIOx) {
^
C:\Keil\ARM\ARMCLANG\Bin\..\include\stdbool.h(15): note: expanded from macro 'bool'
    #define bool _Bool
                 ^
C:/Users/felip/AppData/Local/Arm/Packs/Keil/STM32F1xx_DFP/2.4.0/RTE_Driver/GPIO_STM32F10x.c(111): warning: '_Bool' is a C99 extension [-Wc99-extensions]
bool GPIO_PinConfigure(GPIO_TypeDef *GPIOx, uint32_t num, GPIO_CONF conf,
^
C:\Keil\ARM\ARMCLANG\Bin\..\include\stdbool.h(15): note: expanded from macro 'bool'
    #define bool _Bool
                 ^
C:/Users/felip/AppData/Local/Arm/Packs/Keil/STM32F1xx_DFP/2.4.0/RTE_Driver/GPIO_STM32F10x.c(128): warning: integer constant not in range of enumerated type 'GPIO_CONF' [-Wassign-enum]
      conf &= ~1;
              ^
C:/Users/felip/AppData/Local/Arm/Packs/Keil/STM32F1xx_DFP/2.4.0/RTE_Driver/GPIO_STM32F10x.c(140): warning: implicit conversion changes signedness: 'int' to 'unsigned int' [-Wsign-conversion]
  *reg &= ~(0xF << (num << 2));
       ~~ ^~~~~~~~~~~~~~~~~~~~
C:/Users/felip/AppData/Local/Arm/Packs/Keil/STM32F1xx_DFP/2.4.0/RTE_Driver/GPIO_STM32F10x.c(141): warning: implicit conversion changes signedness: 'int' to 'unsigned int' [-Wsign-conversion]
  *reg |= ((conf << 2) | mode) << (num << 2);
       ~~ ~~~~~~~~~~~~~~~~~~~~~^~~~~~~~~~~~~
15 warnings generated.
compiling GPIO_STM32F10x.c...
RTE/Device/STM32F103C8/system_stm32f10x.c(64): warning: In file included from...
C:/Users/felip/AppData/Local/Arm/Packs/Keil/STM32F1xx_DFP/2.4.0/Device/Include\stm32f10x.h(18): warning: invalid UTF-8 in comment [-Winvalid-utf8]
  *              - To use or not the peripheral<92>s drivers in application code(i.e. 
                                               ^
C:/Users/felip/AppData/Local/Arm/Packs/Keil/STM32F1xx_DFP/2.4.0/Device/Include\stm32f10x.h(19): warning: invalid UTF-8 in comment [-Winvalid-utf8]
  *                code will be based on direct access to peripheral<92>s registers 
                                                                    ^
C:/Users/felip/AppData/Local/Arm/Packs/Keil/STM32F1xx_DFP/2.4.0/Device/Include\stm32f10x.h(26): warning: invalid UTF-8 in comment [-Winvalid-utf8]
  *           - Macros to access peripheral<92>s registers hardware
                                           ^
RTE/Device/STM32F103C8/system_stm32f10x.c(166): warning: no previous extern declaration for non-static variable 'AHBPrescTable' [-Wmissing-variable-declarations]
__I uint8_t AHBPrescTable[16] = {0, 0, 0, 0, 0, 0, 0, 0, 1, 2, 3, 4, 6, 7, 8, 9};
            ^
RTE/Device/STM32F103C8/system_stm32f10x.c(166): note: declare 'static' if the variable is not intended to be used outside of this translation unit
__I uint8_t AHBPrescTable[16] = {0, 0, 0, 0, 0, 0, 0, 0, 1, 2, 3, 4, 6, 7, 8, 9};
    ^
4 warnings generated.
compiling system_stm32f10x.c...
main.c(1): warning: In file included from...
C:/Users/felip/AppData/Local/Arm/Packs/Keil/STM32F1xx_DFP/2.4.0/Device/Include\stm32f10x.h(18): warning: invalid UTF-8 in comment [-Winvalid-utf8]
  *              - To use or not the peripheral<92>s drivers in application code(i.e. 
                                               ^
C:/Users/felip/AppData/Local/Arm/Packs/Keil/STM32F1xx_DFP/2.4.0/Device/Include\stm32f10x.h(19): warning: invalid UTF-8 in comment [-Winvalid-utf8]
  *                code will be based on direct access to peripheral<92>s registers 
                                                                    ^
C:/Users/felip/AppData/Local/Arm/Packs/Keil/STM32F1xx_DFP/2.4.0/Device/Include\stm32f10x.h(26): warning: invalid UTF-8 in comment [-Winvalid-utf8]
  *           - Macros to access peripheral<92>s registers hardware
                                           ^
main.c(2): warning: In file included from...
./internos.h(3): warning: // comments are not allowed in this language [-Wcomment]
//Defini<E7><F5>es
^
./internos.h(3): warning: invalid UTF-8 in comment [-Winvalid-utf8]
//Defini<E7><F5>es
        ^
./internos.h(8): warning: invalid UTF-8 in comment [-Winvalid-utf8]
// Implementa<E7><F5>es das fun<E7><F5>es
             ^
./internos.h(8): warning: invalid UTF-8 in comment [-Winvalid-utf8]
// Implementa<E7><F5>es das fun<E7><F5>es
                               ^
./internos.h(9): warning: invalid UTF-8 in comment [-Winvalid-utf8]
// Habilita a gpio de acordo com a letra de identifica<E7><E3>o
                                                      ^
./internos.h(12): warning: no previous prototype for function 'habilita_gpio' [-Wmissing-prototypes]
void habilita_gpio (uint8_t gpio_id)
     ^
./internos.h(12): note: declare 'static' if the function is not intended to be used outside of this translation unit
void habilita_gpio (uint8_t gpio_id)
^
static 
./internos.h(37): warning: implicit conversion changes signedness: 'int' to 'unsigned int' [-Wsign-conversion]
            GPIOA->CRL &=~(15<<(gpio_bit*4)); // 0000b nos bits da porta PAX 
                       ~~^~~~~~~~~~~~~~~~~~~
./internos.h(38): warning: implicit conversion changes signedness: 'int' to 'unsigned int' [-Wsign-conversion]
            GPIOA->CRL |= (4<<(gpio_bit*4));  // 0011b nos bits da porta PAX
                       ~~  ~^~~~~~~~~~~~~~
./internos.h(42): warning: implicit conversion changes signedness: 'int' to 'unsigned int' [-Wsign-conversion]
            GPIOA->CRH &=~(15<<((gpio_bit-8)*4)); 
                       ~~^~~~~~~~~~~~~~~~~~~~~~~
./internos.h(43): warning: implicit conversion changes signedness: 'int' to 'unsigned int' [-Wsign-conversion]
            GPIOA->CRH |= (4<<((gpio_bit-8)*4));
                       ~~  ~^~~~~~~~~~~~~~~~~~
./internos.h(50): warning: implicit conversion changes signedness: 'int' to 'unsigned int' [-Wsign-conversion]
            GPIOB->CRL &=~(15<<(gpio_bit*4)); // 0000b nos bits da porta PBX 
                       ~~^~~~~~~~~~~~~~~~~~~
./internos.h(51): warning: implicit conversion changes signedness: 'int' to 'unsigned int' [-Wsign-conversion]
            GPIOB->CRL |= (4<<(gpio_bit*4));  // 0011b nos bits da porta PBX
                       ~~  ~^~~~~~~~~~~~~~
./internos.h(55): warning: implicit conversion changes signedness: 'int' to 'unsigned int' [-Wsign-conversion]
            GPIOB->CRH &=~(15<<((gpio_bit-8)*4)); 
                       ~~^~~~~~~~~~~~~~~~~~~~~~~
./internos.h(56): warning: implicit conversion changes signedness: 'int' to 'unsigned int' [-Wsign-conversion]
            GPIOB->CRH |= (4<<((gpio_bit-8)*4));
                       ~~  ~^~~~~~~~~~~~~~~~~~
./internos.h(62): warning: implicit conversion changes signedness: 'int' to 'unsigned int' [-Wsign-conversion]
            GPIOC->CRL &=~(15<<(gpio_bit*4)); // 0000b nos bits da porta PBX 
                       ~~^~~~~~~~~~~~~~~~~~~
./internos.h(63): warning: implicit conversion changes signedness: 'int' to 'unsigned int' [-Wsign-conversion]
            GPIOC->CRL |= (4<<(gpio_bit*4));  // 0011b nos bits da porta PBX
                       ~~  ~^~~~~~~~~~~~~~
./internos.h(67): warning: implicit conversion changes signedness: 'int' to 'unsigned int' [-Wsign-conversion]
            GPIOC->CRH &=~(15<<((gpio_bit-8)*4)); 
                       ~~^~~~~~~~~~~~~~~~~~~~~~~
./internos.h(68): warning: implicit conversion changes signedness: 'int' to 'unsigned int' [-Wsign-conversion]
            GPIOC->CRH |= (4<<((gpio_bit-8)*4));
                       ~~  ~^~~~~~~~~~~~~~~~~~
./internos.h(76): warning: invalid UTF-8 in comment [-Winvalid-utf8]
// Configura a gpio selecionada como sa<ED>da push-pull para prop<F3>sito geral a 50 MHz
                                       ^
./internos.h(76): warning: invalid UTF-8 in comment [-Winvalid-utf8]
// Configura a gpio selecionada como sa<ED>da push-pull para prop<F3>sito geral a 50 MHz
                                                                 ^
./internos.h(80): warning: invalid UTF-8 in comment [-Winvalid-utf8]
// valor: 0011 (3) nos bits de configura<E7><E3>o
                                        ^
./internos.h(30): warning: no previous prototype for function 'gpio_entrada_pp' [-Wmissing-prototypes]
void gpio_entrada_pp (uint8_t gpio_id, uint8_t gpio_bit)
     ^
./internos.h(30): note: declare 'static' if the function is not intended to be used outside of this translation unit
void gpio_entrada_pp (uint8_t gpio_id, uint8_t gpio_bit)
^
static 
./internos.h(89): warning: implicit conversion changes signedness: 'int' to 'unsigned int' [-Wsign-conversion]
            GPIOA->CRL &=~(15<<(gpio_bit*4)); // 0000b nos bits da porta PAX 
                       ~~^~~~~~~~~~~~~~~~~~~
./internos.h(90): warning: implicit conversion changes signedness: 'int' to 'unsigned int' [-Wsign-conversion]
            GPIOA->CRL |= (3<<(gpio_bit*4));  // 0011b nos bits da porta PAX
                       ~~  ~^~~~~~~~~~~~~~
./internos.h(94): warning: implicit conversion changes signedness: 'int' to 'unsigned int' [-Wsign-conversion]
            GPIOA->CRH &=~(15<<((gpio_bit-8)*4)); 
                       ~~^~~~~~~~~~~~~~~~~~~~~~~
./internos.h(95): warning: implicit conversion changes signedness: 'int' to 'unsigned int' [-Wsign-conversion]
            GPIOA->CRH |= (3<<((gpio_bit-8)*4));
                       ~~  ~^~~~~~~~~~~~~~~~~~
./internos.h(102): warning: implicit conversion changes signedness: 'int' to 'unsigned int' [-Wsign-conversion]
            GPIOB->CRL &=~(15<<(gpio_bit*4)); // 0000b nos bits da porta PBX 
                       ~~^~~~~~~~~~~~~~~~~~~
./internos.h(103): warning: implicit conversion changes signedness: 'int' to 'unsigned int' [-Wsign-conversion]
            GPIOB->CRL |= (3<<(gpio_bit*4));  // 0011b nos bits da porta PBX
                       ~~  ~^~~~~~~~~~~~~~
./internos.h(107): warning: implicit conversion changes signedness: 'int' to 'unsigned int' [-Wsign-conversion]
            GPIOB->CRH &=~(15<<((gpio_bit-8)*4)); 
                       ~~^~~~~~~~~~~~~~~~~~~~~~~
./internos.h(108): warning: implicit conversion changes signedness: 'int' to 'unsigned int' [-Wsign-conversion]
            GPIOB->CRH |= (3<<((gpio_bit-8)*4));
                       ~~  ~^~~~~~~~~~~~~~~~~~
./internos.h(114): warning: implicit conversion changes signedness: 'int' to 'unsigned int' [-Wsign-conversion]
            GPIOC->CRL &=~(15<<(gpio_bit*4)); // 0000b nos bits da porta PBX 
                       ~~^~~~~~~~~~~~~~~~~~~
./internos.h(115): warning: implicit conversion changes signedness: 'int' to 'unsigned int' [-Wsign-conversion]
            GPIOC->CRL |= (3<<(gpio_bit*4));  // 0011b nos bits da porta PBX
                       ~~  ~^~~~~~~~~~~~~~
./internos.h(119): warning: implicit conversion changes signedness: 'int' to 'unsigned int' [-Wsign-conversion]
            GPIOC->CRH &=~(15<<((gpio_bit-8)*4)); 
                       ~~^~~~~~~~~~~~~~~~~~~~~~~
./internos.h(120): warning: implicit conversion changes signedness: 'int' to 'unsigned int' [-Wsign-conversion]
            GPIOC->CRH |= (3<<((gpio_bit-8)*4));
                       ~~  ~^~~~~~~~~~~~~~~~~~
./internos.h(82): warning: no previous prototype for function 'gpio_saida_pp' [-Wmissing-prototypes]
void gpio_saida_pp (uint8_t gpio_id, uint8_t gpio_bit)
     ^
./internos.h(82): note: declare 'static' if the function is not intended to be used outside of this translation unit
void gpio_saida_pp (uint8_t gpio_id, uint8_t gpio_bit)
^
static 
main.c(3): warning: In file included from...
./externos.h(4): warning: // comments are not allowed in this language [-Wcomment]
//Defini<E7><F5>es dos perifi<E9>ricos externos da placa
^
./externos.h(4): warning: invalid UTF-8 in comment [-Winvalid-utf8]
//Defini<E7><F5>es dos perifi<E9>ricos externos da placa
        ^
./externos.h(4): warning: invalid UTF-8 in comment [-Winvalid-utf8]
//Defini<E7><F5>es dos perifi<E9>ricos externos da placa
                             ^
./externos.h(36): warning: invalid UTF-8 in comment [-Winvalid-utf8]
//fun<E7><F5>es comuns
     ^
./externos.h(37): warning: a function declaration without a prototype is deprecated in all versions of C [-Wstrict-prototypes]
void corrige_jtag()
                 ^
                  void
./externos.h(37): warning: no previous prototype for function 'corrige_jtag' [-Wmissing-prototypes]
void corrige_jtag()
     ^
./externos.h(37): note: declare 'static' if the function is not intended to be used outside of this translation unit
void corrige_jtag()
^
static 
./externos.h(47): warning: variable declaration in for loop is a C99-specific feature [-Wc99-extensions]
    for(uint16_t i = 0; i < t; i++)
        ^
./externos.h(47): warning: GCC does not allow variable declarations in for loop initializers before C99 [-Wgcc-compat]
./externos.h(53): warning: invalid UTF-8 in comment [-Winvalid-utf8]
// Fun<E7><F5>es para trabalhar com os LEDs
      ^
./externos.h(44): warning: no previous prototype for function 'delay_ms' [-Wmissing-prototypes]
void delay_ms(uint16_t t)
     ^
./externos.h(44): note: declare 'static' if the function is not intended to be used outside of this translation unit
void delay_ms(uint16_t t)
^
static 
./externos.h(54): warning: a function declaration without a prototype is deprecated in all versions of C [-Wstrict-prototypes]
void leds_apaga_todos()
                     ^
                      void
./externos.h(56): warning: implicit conversion changes signedness: 'int' to 'unsigned int' [-Wsign-conversion]
    GPIOA->ODR &= ~((1<<LED1)|(1<<LED2)|(1<<LED3)|(1<<LED4)|(1<<LED5)|(1<<LED6)|(1<<LED7)|(1<<LED8));
               ~~ ^~~~~~~~~~~~~~~~~~~~~~~~~~~~~~~~~~~~~~~~~~~~~~~~~~~~~~~~~~~~~~~~~~~~~~~~~~~~~~~~~~
./externos.h(54): warning: no previous prototype for function 'leds_apaga_todos' [-Wmissing-prototypes]
void leds_apaga_todos()
     ^
./externos.h(54): note: declare 'static' if the function is not intended to be used outside of this translation unit
void leds_apaga_todos()
^
static 
./externos.h(59): warning: no previous prototype for function 'led_acende' [-Wmissing-prototypes]
void led_acende(uint8_t led_id)
     ^
./externos.h(59): note: declare 'static' if the function is not intended to be used outside of this translation unit
void led_acende(uint8_t led_id)
^
static 
./externos.h(64): warning: a function declaration without a prototype is deprecated in all versions of C [-Wstrict-prototypes]
void leds_acende_todos()
                      ^
                       void
./externos.h(64): warning: no previous prototype for function 'leds_acende_todos' [-Wmissing-prototypes]
void leds_acende_todos()
     ^
./externos.h(64): note: declare 'static' if the function is not intended to be used outside of this translation unit
void leds_acende_todos()
^
static 
./externos.h(84): warning: a function declaration without a prototype is deprecated in all versions of C [-Wstrict-prototypes]
int chaves_ler_todas(){
                    ^
                     void
./externos.h(84): warning: no previous prototype for function 'chaves_ler_todas' [-Wmissing-prototypes]
int chaves_ler_todas(){
    ^
./externos.h(84): note: declare 'static' if the function is not intended to be used outside of this translation unit
int chaves_ler_todas(){
^
static 
./externos.h(120): warning: implicit conversion changes signedness: 'int' to 'uint16_t' (aka 'unsigned short') [-Wsign-conversion]
                delay_ms(1/(freq*2));
                ~~~~~~~~ ~^~~~~~~~~
./externos.h(121): warning: implicit conversion changes signedness: 'int' to 'unsigned int' [-Wsign-conversion]
                GPIOB->ODR |= ~(1<<BZ1);
                           ~~ ^~~~~~~~~
./externos.h(122): warning: implicit conversion changes signedness: 'int' to 'uint16_t' (aka 'unsigned short') [-Wsign-conversion]
                delay_ms(1/(freq*2));
                ~~~~~~~~ ~^~~~~~~~~
./externos.h(118): warning: no previous prototype for function 'buzzer_tocar' [-Wmissing-prototypes]
void buzzer_tocar(int freq){
     ^
./externos.h(118): note: declare 'static' if the function is not intended to be used outside of this translation unit
void buzzer_tocar(int freq){
^
static 
./externos.h(144): warning: implicit conversion changes signedness: 'int' to 'uint32_t' (aka 'unsigned int') [-Wsign-conversion]
        GPIOA->BSRR = ((aux&0x0008)<<8) | ((aux&0x0004)<<3) | ((aux&0x0002)<<5) | ((aux&0x0001)<<8);
                    ~ ~~~~~~~~~~~~~~~~~~~~~~~~~~~~~~~~~~~~~~~~~~~~~~~~~~~~~~~~~~^~~~~~~~~~~~~~~~~~~
./externos.h(147): warning: implicit conversion changes signedness: 'int' to 'unsigned int' [-Wsign-conversion]
        GPIOA->ODR &= ~ (1<<LCD_EN);    /* EN = 0 for H-to-L pulse */
                   ~~ ^~~~~~~~~~~~~
./externos.h(152): warning: implicit conversion changes signedness: 'int' to 'uint32_t' (aka 'unsigned int') [-Wsign-conversion]
        GPIOA->BSRR = ((aux&0x0008)<<8) | ((aux&0x0004)<<3) | ((aux&0x0002)<<5) | ((aux&0x0001)<<8);
                    ~ ~~~~~~~~~~~~~~~~~~~~~~~~~~~~~~~~~~~~~~~~~~~~~~~~~~~~~~~~~~^~~~~~~~~~~~~~~~~~~
./externos.h(155): warning: implicit conversion changes signedness: 'int' to 'unsigned int' [-Wsign-conversion]
  GPIOA->ODR &= ~(1<<LCD_EN);   /* EN = 0 for H-to-L pulse */
             ~~ ^~~~~~~~~~~~
./externos.h(161): warning: implicit conversion changes signedness: 'int' to 'unsigned int' [-Wsign-conversion]
        GPIOA->ODR &= ~ (1<<LCD_RS);    /* RS = 0 for command */
                   ~~ ^~~~~~~~~~~~~
./externos.h(182): warning: a function declaration without a prototype is deprecated in all versions of C [-Wstrict-prototypes]
void lcd_init()
             ^
              void
./externos.h(185): warning: implicit conversion changes signedness: 'int' to 'unsigned int' [-Wsign-conversion]
        GPIOA->ODR &= ~(1<<LCD_EN);     /* LCD_EN = 0 */
                   ~~ ^~~~~~~~~~~~
./externos.h(201): warning: no previous prototype for function 'bcd_ascii' [-Wmissing-prototypes]
char bcd_ascii(char valor) {
     ^
./externos.h(201): note: declare 'static' if the function is not intended to be used outside of this translation unit
char bcd_ascii(char valor) {
^
static 
./externos.h(217): warning: implicit conversion loses integer precision: 'int' to 'char' [-Wimplicit-int-conversion]
            result = bcd_ascii(centenas);
                     ~~~~~~~~~ ^~~~~~~~
./externos.h(220): warning: implicit conversion loses integer precision: 'int' to 'char' [-Wimplicit-int-conversion]
            result = bcd_ascii(dezenas);
                     ~~~~~~~~~ ^~~~~~~
./externos.h(223): warning: implicit conversion loses integer precision: 'int' to 'char' [-Wimplicit-int-conversion]
            result = bcd_ascii(unidades);
                     ~~~~~~~~~ ^~~~~~~~
./externos.h(232): warning: invalid UTF-8 in comment [-Winvalid-utf8]
// Fun<E7><E3>o para converter valor BCD para ASCII
      ^
./externos.h(213): warning: mixing declarations and code is a C99 extension [-Wdeclaration-after-statement]
                char result = 0;
                     ^
./externos.h(206): warning: no previous prototype for function 'bin_bcd' [-Wmissing-prototypes]
char bin_bcd(char valor, char retorno) {
     ^
./externos.h(206): note: declare 'static' if the function is not intended to be used outside of this translation unit
char bin_bcd(char valor, char retorno) {
^
static 
main.c(7): warning: a function declaration without a prototype is deprecated in all versions of C [-Wstrict-prototypes]
void print_menu();
               ^
                void
main.c(8): warning: a function declaration without a prototype is deprecated in all versions of C [-Wstrict-prototypes]
void chaves_loop_lcd();
                    ^
                     void
main.c(10): warning: a function declaration without a prototype is deprecated in all versions of C [-Wstrict-prototypes]
int main()
        ^
         void
main.c(31): warning: 'return' will never be executed [-Wunreachable-code-return]
        return 0;
               ^
main.c(34): warning: a function declaration without a prototype is deprecated in all versions of C [-Wstrict-prototypes]
void chaves_loop_lcd(){
                    ^
                     void
main.c(34): warning: no previous prototype for function 'chaves_loop_lcd' [-Wmissing-prototypes]
void chaves_loop_lcd(){
     ^
main.c(8): note: this declaration is not a prototype; add 'void' to make it a prototype for a zero-parameter function
void chaves_loop_lcd();
     ^
                     void
main.c(51): warning: variable declaration in for loop is a C99-specific feature [-Wc99-extensions]
        for (int i = n; i >= 0; i--) {
             ^
main.c(51): warning: GCC does not allow variable declarations in for loop initializers before C99 [-Wgcc-compat]
main.c(53): warning: implicit conversion loses integer precision: 'int' to 'char' [-Wimplicit-int-conversion]
                c = bin_bcd(i, 'c');
                    ~~~~~~~ ^
main.c(54): warning: implicit conversion loses integer precision: 'int' to 'char' [-Wimplicit-int-conversion]
                d = bin_bcd(i, 'd');
                    ~~~~~~~ ^
main.c(55): warning: implicit conversion loses integer precision: 'int' to 'char' [-Wimplicit-int-conversion]
                u = bin_bcd(i, 'u');
                    ~~~~~~~ ^
main.c(69): warning: variable declaration in for loop is a C99-specific feature [-Wc99-extensions]
        for (int i = 0; i < n + 1; i++) {
             ^
main.c(69): warning: GCC does not allow variable declarations in for loop initializers before C99 [-Wgcc-compat]
main.c(71): warning: implicit conversion loses integer precision: 'int' to 'char' [-Wimplicit-int-conversion]
                c = bin_bcd(i, 'c');
                    ~~~~~~~ ^
main.c(72): warning: implicit conversion loses integer precision: 'int' to 'char' [-Wimplicit-int-conversion]
                d = bin_bcd(i, 'd');
                    ~~~~~~~ ^
main.c(73): warning: implicit conversion loses integer precision: 'int' to 'char' [-Wimplicit-int-conversion]
                u = bin_bcd(i, 'u');
                    ~~~~~~~ ^
main.c(86): warning: a function declaration without a prototype is deprecated in all versions of C [-Wstrict-prototypes]
void print_menu(){
               ^
                void
main.c(91): warning: no newline at end of file [-Wnewline-eof]
}
 ^
main.c(86): warning: no previous prototype for function 'print_menu' [-Wmissing-prototypes]
void print_menu(){
     ^
main.c(7): note: this declaration is not a prototype; add 'void' to make it a prototype for a zero-parameter function
void print_menu();
     ^
                void
93 warnings generated.
compiling main.c...
linking...
Program Size: Code=3100 RO-data=284 RW-data=0 ZI-data=1632  
".\Objects\lab4.axf" - 0 Error(s), 112 Warning(s).

<h2>Software Packages used:</h2>

Package Vendor: ARM
                http://www.keil.com/pack/ARM.CMSIS.5.9.0.pack
                ARM.CMSIS.5.9.0
                CMSIS (Common Microcontroller Software Interface Standard)
   * Component: CORE Version: 5.6.0

Package Vendor: Keil
                http://www.keil.com/pack/Keil.STM32F1xx_DFP.2.4.0.pack
                Keil.STM32F1xx_DFP.2.4.0
                STMicroelectronics STM32F1 Series Device Support, Drivers and Examples
   * Component: GPIO Version: 1.3
   * Component: Startup Version: 1.0.0

<h2>Collection of Component include folders:</h2>
  ./RTE/Device/STM32F103C8
  ./RTE/_Target_1
  C:/Users/felip/AppData/Local/Arm/Packs/ARM/CMSIS/5.9.0/CMSIS/Core/Include
  C:/Users/felip/AppData/Local/Arm/Packs/Keil/STM32F1xx_DFP/2.4.0/Device/Include
  C:/Users/felip/AppData/Local/Arm/Packs/Keil/STM32F1xx_DFP/2.4.0/RTE_Driver

<h2>Collection of Component Files used:</h2>

   * Component: ARM::CMSIS:CORE:5.6.0

   * Component: Keil::Device:GPIO:1.3
      Include file:  RTE_Driver/GPIO_STM32F10x.h
      Source file:   RTE_Driver/GPIO_STM32F10x.c

   * Component: Keil::Device:Startup:1.0.0
      Source file:   Device/Source/system_stm32f10x.c
      Include file:  RTE_Driver/Config/RTE_Device.h
      Source file:   Device/Source/ARM/STM32F1xx_OPT.s
      Source file:   Device/Source/ARM/startup_stm32f10x_md.s
Build Time Elapsed:  00:00:03
</pre>
</body>
</html>
